exports[`test renders a comment 1`] = `
<div
  className="issue-detail__comment">
  <UserWithAvatar
    orientation="horizontal"
    user={
      Object {
        "avatar_url": "http://foo",
        "login": "somebody",
      }
    } />
  <div
    className="issue-detail__comment__body">
    <ReactMarkdown
      className="markdown"
      containerTagName="div"
      source="a comment" />
  </div>
</div>
`;
