exports[`test renders 1`] = `
<div
  className="issue">
  <UserWithAvatar
    user={
      Object {
        "avatar_url": "https://avatars.githubusercontent.com/u/2460418?v=3",
        "login": "somebody",
      }
    } />
  <div
    className="issue__body">
    <Link
      onlyActiveOnIndex={false}
      style={Object {}}
      to="/rails/rails/issues/27593">
      <span
        className="issue__number">
        #
        27593
      </span>
      <span
        className="issue__title">
        Yield in partial view does not call block given by calling view
      </span>
    </Link>
    <p
      className="issue__summary">
      Fixes #23979.
      
      As discussed in #23979, there was an inconsistency between the way that \`first()\` and \`last()\` would interact with \`limit\`. ...
    </p>
    <IssueLabels
      labels={
        Array [
          Object {
            "color": "123456",
            "id": 1,
            "name": "activerecord",
          },
        ]
      } />
  </div>
</div>
`;
