exports[`test renders 1`] = `
<ul
  className="issues">
  <li>
    <Issue
      avatarUrl="https://avatars.githubusercontent.com/u/314014?v=3"
      labels={
        Array [
          Object {
            "color": "0b02e1",
            "default": false,
            "id": 107191,
            "name": "activerecord",
            "url": "https://api.github.com/repos/rails/rails/labels/activerecord",
          },
          Object {
            "color": "ededed",
            "default": false,
            "id": 128692,
            "name": "needs feedback",
            "url": "https://api.github.com/repos/rails/rails/labels/needs%20feedback",
          },
        ]
      }
      number={27599}
      summary="something with no line breaks"
      title="Fix bug with symbolized keys in .where with nested join (alternative to #27598)"
      username="NickLaMuro" />
  </li>
  <li>
    <Issue
      avatarUrl="https://avatars.githubusercontent.com/u/314014?v=3"
      labels={
        Array [
          Object {
            "color": "0b02e1",
            "default": false,
            "id": 107191,
            "name": "activerecord",
            "url": "https://api.github.com/repos/rails/rails/labels/activerecord",
          },
          Object {
            "color": "ededed",
            "default": false,
            "id": 128692,
            "name": "needs feedback",
            "url": "https://api.github.com/repos/rails/rails/labels/needs%20feedback",
          },
        ]
      }
      number={27598}
      summary="something with no line breaks"
      title="Fix bug with symbolized keys in .where with nested join"
      username="NickLaMuro" />
  </li>
  <li>
    <Issue
      avatarUrl="https://avatars.githubusercontent.com/u/2460418?v=3"
      labels={
        Array [
          Object {
            "color": "0b02e1",
            "default": false,
            "id": 107191,
            "name": "activerecord",
            "url": "https://api.github.com/repos/rails/rails/labels/activerecord",
          },
        ]
      }
      number={27597}
      summary="something with no line breaks"
      title="Consistency between first() and last() with limit"
      username="brchristian" />
  </li>
</ul>
`;
